Archive member included because of file (symbol)

lib/orangescrt.a(printf.o)    kernel/main.o (printf)
lib/orangescrt.a(vsprintf.o)  kernel/main.o (vsprintf)
lib/orangescrt.a(string.o)    kernel/start.o (memcpy)
lib/orangescrt.a(misc.o)      kernel/main.o (send_recv)
lib/orangescrt.a(open.o)      kernel/main.o (open)
lib/orangescrt.a(read.o)      kernel/main.o (read)
lib/orangescrt.a(write.o)     kernel/main.o (write)
lib/orangescrt.a(close.o)     kernel/main.o (close)
lib/orangescrt.a(lseek.o)     kernel/main.o (lseek)
lib/orangescrt.a(getpid.o)    kernel/main.o (getpid)
lib/orangescrt.a(stat.o)      mm/exec.o (stat)
lib/orangescrt.a(fork.o)      kernel/main.o (fork)
lib/orangescrt.a(wait.o)      kernel/main.o (wait)
lib/orangescrt.a(exec.o)      kernel/main.o (execv)
lib/orangescrt.a(chdir.o)     kernel/main.o (chdir)
lib/orangescrt.a(syscall.o)   lib/orangescrt.a(misc.o) (sendrec)

Allocating common symbols
Common symbol       size              file

page_table          0xf000            kernel/global.o
idt_ptr             0x6               kernel/global.o
inode_table         0x1000            kernel/global.o
task_stack          0x24000           kernel/global.o
k_reenter           0x4               kernel/global.o
gdt                 0x400             kernel/global.o
mm_free_mem         0x4               kernel/global.o
current_console     0x4               kernel/global.o
pcaller             0x4               kernel/global.o
tty_table           0xc6c             kernel/global.o
tss                 0x68              kernel/global.o
fs_msg              0x30              kernel/global.o
memory_size         0x4               kernel/global.o
f_desc_table        0x400             kernel/global.o
root_inode          0x4               kernel/global.o
disp_pos            0x4               kernel/global.o
mm_msg              0x30              kernel/global.o
key_pressed         0x4               kernel/global.o
gdt_ptr             0x6               kernel/global.o
idt                 0x800             kernel/global.o
super_block         0x1e0             kernel/global.o
PARTITION_ENTRY     0x10              kernel/hd.o
ticks               0x4               kernel/global.o
console_table       0x3c              kernel/global.o
irq_table           0x40              kernel/global.o
nr_page             0x4               kernel/global.o
p_proc_ready        0x4               kernel/global.o
proc_table          0x3f98            kernel/global.o

Discarded input sections

 .note.GNU-stack
                0x00000000        0x0 kernel/start.o
 .note.GNU-stack
                0x00000000        0x0 kernel/main.o
 .note.GNU-stack
                0x00000000        0x0 kernel/clock.o
 .note.GNU-stack
                0x00000000        0x0 kernel/keyboard.o
 .note.GNU-stack
                0x00000000        0x0 kernel/tty.o
 .note.GNU-stack
                0x00000000        0x0 kernel/console.o
 .note.GNU-stack
                0x00000000        0x0 kernel/i8259.o
 .note.GNU-stack
                0x00000000        0x0 kernel/global.o
 .note.GNU-stack
                0x00000000        0x0 kernel/protect.o
 .note.GNU-stack
                0x00000000        0x0 kernel/proc.o
 .note.GNU-stack
                0x00000000        0x0 kernel/systask.o
 .note.GNU-stack
                0x00000000        0x0 kernel/hd.o
 .note.GNU-stack
                0x00000000        0x0 kernel/klib.o
 .note.GNU-stack
                0x00000000        0x0 lib/syslog.o
 .note.GNU-stack
                0x00000000        0x0 mm/main.o
 .note.GNU-stack
                0x00000000        0x0 mm/forkexit.o
 .note.GNU-stack
                0x00000000        0x0 mm/exec.o
 .note.GNU-stack
                0x00000000        0x0 mm/memory.o
 .note.GNU-stack
                0x00000000        0x0 mm/break.o
 .note.GNU-stack
                0x00000000        0x0 fs/main.o
 .note.GNU-stack
                0x00000000        0x0 fs/open.o
 .note.GNU-stack
                0x00000000        0x0 fs/misc.o
 .note.GNU-stack
                0x00000000        0x0 fs/read_write.o
 .note.GNU-stack
                0x00000000        0x0 fs/link.o
 .note.GNU-stack
                0x00000000        0x0 fs/fs_stat.o
 .note.GNU-stack
                0x00000000        0x0 fs/disklog.o
 .note.GNU-stack
                0x00000000        0x0 lib/orangescrt.a(printf.o)
 .note.GNU-stack
                0x00000000        0x0 lib/orangescrt.a(vsprintf.o)
 .note.GNU-stack
                0x00000000        0x0 lib/orangescrt.a(misc.o)
 .note.GNU-stack
                0x00000000        0x0 lib/orangescrt.a(open.o)
 .note.GNU-stack
                0x00000000        0x0 lib/orangescrt.a(read.o)
 .note.GNU-stack
                0x00000000        0x0 lib/orangescrt.a(write.o)
 .note.GNU-stack
                0x00000000        0x0 lib/orangescrt.a(close.o)
 .note.GNU-stack
                0x00000000        0x0 lib/orangescrt.a(lseek.o)
 .note.GNU-stack
                0x00000000        0x0 lib/orangescrt.a(getpid.o)
 .note.GNU-stack
                0x00000000        0x0 lib/orangescrt.a(stat.o)
 .note.GNU-stack
                0x00000000        0x0 lib/orangescrt.a(fork.o)
 .note.GNU-stack
                0x00000000        0x0 lib/orangescrt.a(wait.o)
 .note.GNU-stack
                0x00000000        0x0 lib/orangescrt.a(exec.o)
 .note.GNU-stack
                0x00000000        0x0 lib/orangescrt.a(chdir.o)

Memory Configuration

Name             Origin             Length             Attributes
*default*        0x00000000         0xffffffff

Linker script and memory map

Address of section .text set to 0x1000
LOAD kernel/kernel.o
LOAD kernel/start.o
LOAD kernel/main.o
LOAD kernel/clock.o
LOAD kernel/keyboard.o
LOAD kernel/tty.o
LOAD kernel/console.o
LOAD kernel/i8259.o
LOAD kernel/global.o
LOAD kernel/protect.o
LOAD kernel/proc.o
LOAD kernel/systask.o
LOAD kernel/hd.o
LOAD kernel/kliba.o
LOAD kernel/klib.o
LOAD lib/syslog.o
LOAD mm/main.o
LOAD mm/forkexit.o
LOAD mm/exec.o
LOAD mm/memory.o
LOAD mm/break.o
LOAD fs/main.o
LOAD fs/open.o
LOAD fs/misc.o
LOAD fs/read_write.o
LOAD fs/link.o
LOAD fs/fs_stat.o
LOAD fs/disklog.o
LOAD lib/orangescrt.a
                0x08048000                PROVIDE (__executable_start, 0x8048000)
                0x08048094                . = (0x8048000 + SIZEOF_HEADERS)

.interp
 *(.interp)

.note.gnu.build-id
 *(.note.gnu.build-id)

.hash
 *(.hash)

.gnu.hash
 *(.gnu.hash)

.dynsym
 *(.dynsym)

.dynstr
 *(.dynstr)

.gnu.version
 *(.gnu.version)

.gnu.version_d
 *(.gnu.version_d)

.gnu.version_r
 *(.gnu.version_r)

.rel.dyn        0x08048094        0x0
 *(.rel.init)
 *(.rel.text .rel.text.* .rel.gnu.linkonce.t.*)
 .rel.text      0x00000000        0x0 kernel/kernel.o
 *(.rel.fini)
 *(.rel.rodata .rel.rodata.* .rel.gnu.linkonce.r.*)
 *(.rel.data.rel.ro* .rel.gnu.linkonce.d.rel.ro.*)
 *(.rel.data .rel.data.* .rel.gnu.linkonce.d.*)
 .rel.data      0x00000000        0x0 kernel/kernel.o
 *(.rel.tdata .rel.tdata.* .rel.gnu.linkonce.td.*)
 *(.rel.tbss .rel.tbss.* .rel.gnu.linkonce.tb.*)
 *(.rel.ctors)
 *(.rel.dtors)
 *(.rel.got)
 *(.rel.sharable_data .rel.sharable_data.* .rel.gnu.linkonce.shrd.*)
 *(.rel.sharable_bss .rel.sharable_bss.* .rel.gnu.linkonce.shrb.*)
 *(.rel.bss .rel.bss.* .rel.gnu.linkonce.b.*)

.rela.dyn
 *(.rela.init)
 *(.rela.text .rela.text.* .rela.gnu.linkonce.t.*)
 *(.rela.fini)
 *(.rela.rodata .rela.rodata.* .rela.gnu.linkonce.r.*)
 *(.rela.data .rela.data.* .rela.gnu.linkonce.d.*)
 *(.rela.tdata .rela.tdata.* .rela.gnu.linkonce.td.*)
 *(.rela.tbss .rela.tbss.* .rela.gnu.linkonce.tb.*)
 *(.rela.ctors)
 *(.rela.dtors)
 *(.rela.got)
 *(.rela.sharable_data .rela.sharable_data.* .rela.gnu.linkonce.shrd.*)
 *(.rela.sharable_bss .rela.sharable_bss.* .rela.gnu.linkonce.shrb.*)
 *(.rela.bss .rela.bss.* .rela.gnu.linkonce.b.*)

.rel.plt
 *(.rel.plt)

.rela.plt
 *(.rela.plt)

.init
 *(.init)

.plt
 *(.plt)

.text           0x00001000     0xfbc8
 *(.text .stub .text.* .gnu.linkonce.t.*)
 .text          0x00001000      0x4d6 kernel/kernel.o
                0x000011c0                hwint08
                0x00001337                divide_error
                0x000013a0                copr_not_available
                0x00001280                hwint12
                0x000013e6                general_protection
                0x00001391                inval_opcode
                0x00001346                single_step_exception
                0x000012b0                hwint13
                0x000011f0                hwint09
                0x00001310                hwint15
                0x00001373                overflow
                0x00001040                hwint00
                0x000010d0                hwint03
                0x000013d2                segment_not_present
                0x0000148b                sys_call
                0x000013c8                inval_tss
                0x00001433                copr_error
                0x00001220                hwint10
                0x00001000                _start
                0x00001070                hwint01
                0x000010a0                hwint02
                0x000013af                double_fault
                0x00001130                hwint05
                0x00001364                breakpoint_exception
                0x000012e0                hwint14
                0x000013b9                copr_seg_overrun
                0x000013f0                page_fault
                0x00001382                bounds_check
                0x00001160                hwint06
                0x00001100                hwint04
                0x000014ae                restart
                0x00001190                hwint07
                0x000013dc                stack_exception
                0x00001250                hwint11
                0x00001355                nmi
 *fill*         0x000014d6        0x2 90909090
 .text          0x000014d8       0x9c kernel/start.o
                0x000014d8                cstart
 .text          0x00001574      0xade kernel/main.o
                0x00001e1a                Init
                0x000018fc                untar
                0x00001574                kernel_main
                0x00001bd7                shabby_shell
                0x00001ffd                TestB
                0x00001ff8                TestA
                0x00002007                panic
                0x000018c8                get_ticks
                0x00002002                TestC
 *fill*         0x00002052        0x2 90909090
 .text          0x00002054      0x11f kernel/clock.o
                0x00002054                clock_handler
                0x0000211c                init_clock
                0x000020c5                milli_delay
 *fill*         0x00002173        0x1 90909090
 .text          0x00002174      0x711 kernel/keyboard.o
                0x00002174                keyboard_handler
                0x00002288                keyboard_read
                0x000021da                init_keyboard
 *fill*         0x00002885        0x3 90909090
 .text          0x00002888      0xa41 kernel/tty.o
                0x00002a69                in_process
                0x00002f93                sys_printx
                0x00002888                task_tty
                0x00003143                dump_tty_buf
 *fill*         0x000032c9        0x3 90909090
 .text          0x000032cc      0x865 kernel/console.o
                0x00003874                select_console
                0x000032cc                init_screen
                0x000038b4                scroll_screen
                0x00003485                out_char
                0x00003778                is_current_console
 *fill*         0x00003b31        0x3 90909090
 .text          0x00003b34      0x12c kernel/i8259.o
                0x00003c07                spurious_irq
                0x00003b34                init_8259A
                0x00003c3d                put_irq_handler
 .text          0x00003c60        0x0 kernel/global.o
 .text          0x00003c60      0x974 kernel/protect.o
                0x00003c60                init_prot
                0x00004158                init_desc
                0x00004104                seg2linear
                0x000041c2                exception_handler
 .text          0x000045d4     0x1c0d kernel/proc.o
                0x000045d4                schedule
                0x00004818                va2la
                0x000060b2                dump_msg
                0x00005baf                inform_int
                0x000047d0                ldt_seg_linear
                0x0000465f                sys_sendrec
                0x00005d2f                dump_proc
                0x00004888                reset_msg
 *fill*         0x000061e1        0x3 90909090
 .text          0x000061e4      0x2e5 kernel/systask.o
                0x000061e4                task_sys
 *fill*         0x000064c9        0x3 90909090
 .text          0x000064cc      0xeea kernel/hd.o
                0x000064cc                task_hd
                0x0000738c                hd_handler
 *fill*         0x000073b6        0xa 90909090
 .text          0x000073c0      0x1a8 kernel/kliba.o
                0x00007459                port_read
                0x000074b4                enable_irq
                0x000074d5                enable_int
                0x000074d3                disable_int
                0x00007443                out_byte
                0x00007401                disp_color_str
                0x0000746c                port_write
                0x000074d7                glitter
                0x0000744f                in_byte
                0x000073c0                disp_str
                0x0000747f                disable_irq
 .text          0x00007568      0x2a1 kernel/klib.o
                0x00007708                itoa
                0x00007568                get_boot_params
                0x000077a0                disp_int
                0x000075ef                get_kernel_map
                0x000077c6                delay
 *fill*         0x00007809        0x3 90909090
 .text          0x0000780c       0x72 lib/syslog.o
                0x0000780c                syslog
 *fill*         0x0000787e        0x2 90909090
 .text          0x00007880      0x3ca mm/main.o
                0x00007a9f                free_mem
                0x00007880                task_mm
                0x00007a43                alloc_mem
 *fill*         0x00007c4a        0x2 90909090
 .text          0x00007c4c      0x7eb mm/forkexit.o
                0x00007c4c                do_fork
                0x0000835f                do_wait
                0x00008081                do_exit
 *fill*         0x00008437        0x1 90909090
 .text          0x00008438      0x548 mm/exec.o
                0x000088e4                initial_brk
                0x00008487                do_exec
 .text          0x00008980      0x6d7 mm/memory.o
                0x00008e75                copy_on_write
                0x00008d90                verify_area
                0x00008bc8                do_no_page
                0x00008ac2                free_page_tables
                0x00008dd3                do_wp_page
 *fill*         0x00009057        0x1 90909090
 .text          0x00009058       0x7a mm/break.o
                0x00009058                do_brk
 *fill*         0x000090d2        0x2 90909090
 .text          0x000090d4     0x12ff fs/main.o
                0x000090d4                task_fs
                0x00009f10                get_super_block
                0x00009f5f                get_inode
                0x0000a102                sync_inode
                0x00009d20                rw_sector
                0x0000a0c5                put_inode
 *fill*         0x0000a3d3        0x1 90909090
 .text          0x0000a3d4      0xe91 fs/open.o
                0x0000a3d4                do_open
                0x0000ac0b                do_close
                0x0000ac87                do_lseek
                0x0000a919                do_mkdir
 *fill*         0x0000b265        0x3 90909090
 .text          0x0000b268      0x4f8 fs/misc.o
                0x0000b268                do_stat
                0x0000b6ec                strip_path
                0x0000b56a                search_file
 .text          0x0000b760     0x16aa fs/read_write.o
                0x0000bf09                do_rdwt
                0x0000c9f2                alloc_zone_for_cmd_tar
 *fill*         0x0000ce0a        0x2 90909090
 .text          0x0000ce0c      0xa52 fs/link.o
                0x0000ce0c                do_unlink
 *fill*         0x0000d85e        0x2 90909090
 .text          0x0000d860      0x27e fs/fs_stat.o
                0x0000d860                do_chdir
 *fill*         0x0000dade        0x2 90909090
 .text          0x0000dae0     0x2452 fs/disklog.o
                0x0000dae0                disklog
                0x0000e0bc                dump_fd_graph
 *fill*         0x0000ff32        0x2 90909090
 .text          0x0000ff34       0xb3 lib/orangescrt.a(printf.o)
                0x0000ff34                printf
                0x0000ffa2                printl
 *fill*         0x0000ffe7        0x1 90909090
 .text          0x0000ffe8      0x31d lib/orangescrt.a(vsprintf.o)
                0x00010056                vsprintf
                0x000102df                sprintf
 *fill*         0x00010305        0xb 90909090
 .text          0x00010310       0x7e lib/orangescrt.a(string.o)
                0x00010360                strcpy
                0x00010310                memcpy
                0x0001033c                memset
                0x00010378                strlen
 *fill*         0x0001038e        0x2 90909090
 .text          0x00010390      0x25b lib/orangescrt.a(misc.o)
                0x00010537                strcat
                0x0001044c                memcmp
                0x000105b3                assertion_failure
                0x00010598                spin
                0x000104c6                strcmp
                0x00010390                send_recv
 *fill*         0x000105eb        0x1 90909090
 .text          0x000105ec       0x63 lib/orangescrt.a(open.o)
                0x000105ec                open
 *fill*         0x0001064f        0x1 90909090
 .text          0x00010650       0x37 lib/orangescrt.a(read.o)
                0x00010650                read
 *fill*         0x00010687        0x1 90909090
 .text          0x00010688       0x37 lib/orangescrt.a(write.o)
                0x00010688                write
 *fill*         0x000106bf        0x1 90909090
 .text          0x000106c0       0x2b lib/orangescrt.a(close.o)
                0x000106c0                close
 *fill*         0x000106eb        0x1 90909090
 .text          0x000106ec       0x37 lib/orangescrt.a(lseek.o)
                0x000106ec                lseek
 *fill*         0x00010723        0x1 90909090
 .text          0x00010724       0x46 lib/orangescrt.a(getpid.o)
                0x00010724                getpid
 *fill*         0x0001076a        0x2 90909090
 .text          0x0001076c       0xd2 lib/orangescrt.a(stat.o)
                0x0001076c                stat
                0x000107cf                mkdir
 *fill*         0x0001083e        0x2 90909090
 .text          0x00010840       0x7e lib/orangescrt.a(fork.o)
                0x00010840                fork
 *fill*         0x000108be        0x2 90909090
 .text          0x000108c0       0x44 lib/orangescrt.a(wait.o)
                0x000108c0                wait
 .text          0x00010904      0x234 lib/orangescrt.a(exec.o)
                0x0001096f                execl
                0x00010904                exec
                0x00010994                execv
 .text          0x00010b38       0x5d lib/orangescrt.a(chdir.o)
                0x00010b38                chdir
 *fill*         0x00010b95        0xb 90909090
 .text          0x00010ba0       0x28 lib/orangescrt.a(syscall.o)
                0x00010bba                printx
                0x00010ba0                sendrec
 *(.text.*personality*)
 *(.gnu.warning)

.fini
 *(.fini)
                0x00010bc8                PROVIDE (__etext, .)
                0x00010bc8                PROVIDE (_etext, .)
                0x00010bc8                PROVIDE (etext, .)

.rodata         0x00010bc8     0x296b
 *(.rodata .rodata.* .gnu.linkonce.r.*)
 .rodata        0x00010bc8       0x47 kernel/start.o
 *fill*         0x00010c0f        0x1 00
 .rodata        0x00010c10      0x1e4 kernel/main.o
 .rodata        0x00010df4       0x64 kernel/keyboard.o
 .rodata        0x00010e58      0x168 kernel/tty.o
 .rodata        0x00010fc0       0x63 kernel/console.o
 .rodata        0x00011023       0x11 kernel/i8259.o
 .rodata        0x00011034       0x10 kernel/global.o
                0x00011040                LOGDISKBUF_SIZE
                0x0001103c                LOGBUF_SIZE
                0x00011038                MMBUF_SIZE
                0x00011034                FSBUF_SIZE
 .rodata        0x00011044      0x568 kernel/protect.o
 .rodata        0x000115ac      0x5da kernel/proc.o
 .rodata        0x00011b86       0x11 kernel/systask.o
 *fill*         0x00011b97        0x1 00
 .rodata        0x00011b98      0x174 kernel/hd.o
 .rodata        0x00011d0c       0x6a kernel/klib.o
 .rodata        0x00011d76       0x1e lib/syslog.o
 .rodata        0x00011d94      0x11b mm/main.o
 *fill*         0x00011eaf        0x1 00
 .rodata        0x00011eb0       0xec mm/forkexit.o
 .rodata        0x00011f9c       0xb8 mm/exec.o
 .rodata        0x00012054      0x12d mm/memory.o
 *fill*         0x00012181        0x3 00
 .rodata        0x00012184      0x2bd fs/main.o
 *fill*         0x00012441        0x3 00
 .rodata        0x00012444      0x214 fs/open.o
 .rodata        0x00012658       0x20 fs/misc.o
 .rodata        0x00012678      0x21e fs/read_write.o
 *fill*         0x00012896        0x2 00
 .rodata        0x00012898      0x1ad fs/link.o
 *fill*         0x00012a45        0x3 00
 .rodata        0x00012a48       0xa9 fs/fs_stat.o
 *fill*         0x00012af1        0x3 00
 .rodata        0x00012af4      0x806 fs/disklog.o
 .rodata        0x000132fa       0x14 lib/orangescrt.a(printf.o)
 *fill*         0x0001330e        0x2 00
 .rodata        0x00013310       0xad lib/orangescrt.a(misc.o)
 .rodata        0x000133bd       0x23 lib/orangescrt.a(open.o)
 .rodata        0x000133e0       0x25 lib/orangescrt.a(getpid.o)
 .rodata        0x00013405       0x35 lib/orangescrt.a(stat.o)
 .rodata        0x0001343a       0x4c lib/orangescrt.a(fork.o)
 *fill*         0x00013486        0x2 00
 .rodata        0x00013488       0x87 lib/orangescrt.a(exec.o)
 .rodata        0x0001350f       0x24 lib/orangescrt.a(chdir.o)

.rodata1
 *(.rodata1)

.eh_frame_hdr
 *(.eh_frame_hdr)

.eh_frame
 *(.eh_frame)

.gcc_except_table
 *(.gcc_except_table .gcc_except_table.*)
                0x00013533                . = (ALIGN (0x1000) - ((0x1000 - .) & 0xfff))
                0x00014533                . = (0x1000 DATA_SEGMENT_ALIGN 0x1000)

.eh_frame
 *(.eh_frame)

.gcc_except_table
 *(.gcc_except_table .gcc_except_table.*)

.tdata
 *(.tdata .tdata.* .gnu.linkonce.td.*)

.tbss
 *(.tbss .tbss.* .gnu.linkonce.tb.*)
 *(.tcommon)

.preinit_array  0x00014533        0x0
                0x00014533                PROVIDE (__preinit_array_start, .)
 *(.preinit_array)
                0x00014533                PROVIDE (__preinit_array_end, .)

.init_array     0x00014533        0x0
                0x00014533                PROVIDE (__init_array_start, .)
 *(SORT(.init_array.*))
 *(.init_array)
                0x00014533                PROVIDE (__init_array_end, .)

.fini_array     0x00014533        0x0
                0x00014533                PROVIDE (__fini_array_start, .)
 *(.fini_array)
 *(SORT(.fini_array.*))
                0x00014533                PROVIDE (__fini_array_end, .)

.ctors
 *crtbegin.o(.ctors)
 *crtbegin?.o(.ctors)
 *(EXCLUDE_FILE(*crtend?.o *crtend.o) .ctors)
 *(SORT(.ctors.*))
 *(.ctors)

.dtors
 *crtbegin.o(.dtors)
 *crtbegin?.o(.dtors)
 *(EXCLUDE_FILE(*crtend?.o *crtend.o) .dtors)
 *(SORT(.dtors.*))
 *(.dtors)

.jcr
 *(.jcr)

.data.rel.ro
 *(.data.rel.ro.local* .gnu.linkonce.d.rel.ro.local.*)
 *(.data.rel.ro* .gnu.linkonce.d.rel.ro.*)

.dynamic
 *(.dynamic)

.got
 *(.got)
                0x00014533                . = (. DATA_SEGMENT_RELRO_END 0xc)

.got.plt
 *(.got.plt)

.data           0x00014540      0x814
 *(.data .data.* .gnu.linkonce.d.*)
 .data          0x00014540        0x2 kernel/kernel.o
 *fill*         0x00014542        0x2 00
 .data          0x00014544        0x0 kernel/start.o
 .data          0x00014544        0x0 kernel/main.o
 .data          0x00014544        0x0 kernel/clock.o
 *fill*         0x00014544       0x1c 00
 .data          0x00014560      0x600 kernel/keyboard.o
                0x00014560                keymap
 .data          0x00014b60       0x22 kernel/tty.o
 *fill*         0x00014b82        0x2 00
 .data          0x00014b84        0x0 kernel/console.o
 .data          0x00014b84        0x0 kernel/i8259.o
 *fill*         0x00014b84       0x1c 00
 .data          0x00014ba0      0x1b4 kernel/global.o
                0x00014c80                user_proc_table
                0x00014d2c                dd_map
                0x00014d44                fsbuf
                0x00014d4c                logbuf
                0x00014d20                sys_call_table
                0x00014d50                logdiskbuf
                0x00014d48                mmbuf
                0x00014ba0                task_table
 .data          0x00014d54        0x0 kernel/protect.o
 .data          0x00014d54        0x0 kernel/proc.o
 .data          0x00014d54        0x0 kernel/systask.o
 .data          0x00014d54        0x0 kernel/hd.o
 .data          0x00014d54        0x0 kernel/klib.o
 .data          0x00014d54        0x0 lib/syslog.o
 .data          0x00014d54        0x0 mm/main.o
 .data          0x00014d54        0x0 mm/forkexit.o
 .data          0x00014d54        0x0 mm/exec.o
 .data          0x00014d54        0x0 mm/memory.o
 .data          0x00014d54        0x0 mm/break.o
 .data          0x00014d54        0x0 fs/main.o
 .data          0x00014d54        0x0 fs/open.o
 .data          0x00014d54        0x0 fs/misc.o
 .data          0x00014d54        0x0 fs/read_write.o
 .data          0x00014d54        0x0 fs/link.o
 .data          0x00014d54        0x0 fs/fs_stat.o
 .data          0x00014d54        0x0 fs/disklog.o
 .data          0x00014d54        0x0 lib/orangescrt.a(printf.o)
 .data          0x00014d54        0x0 lib/orangescrt.a(vsprintf.o)
 .data          0x00014d54        0x0 lib/orangescrt.a(misc.o)
 .data          0x00014d54        0x0 lib/orangescrt.a(open.o)
 .data          0x00014d54        0x0 lib/orangescrt.a(read.o)
 .data          0x00014d54        0x0 lib/orangescrt.a(write.o)
 .data          0x00014d54        0x0 lib/orangescrt.a(close.o)
 .data          0x00014d54        0x0 lib/orangescrt.a(lseek.o)
 .data          0x00014d54        0x0 lib/orangescrt.a(getpid.o)
 .data          0x00014d54        0x0 lib/orangescrt.a(stat.o)
 .data          0x00014d54        0x0 lib/orangescrt.a(fork.o)
 .data          0x00014d54        0x0 lib/orangescrt.a(wait.o)
 .data          0x00014d54        0x0 lib/orangescrt.a(exec.o)
 .data          0x00014d54        0x0 lib/orangescrt.a(chdir.o)
 *(.gnu.linkonce.d.*personality*)

.data1
 *(.data1)

.sharable_data  0x00015000        0x0
                0x00015000                PROVIDE (__sharable_data_start, .)
 *(.sharable_data .sharable_data.* .gnu.linkonce.shrd.*)
                0x00015000                . = ALIGN ((. != 0x0)?0x1000:0x1)
                0x00015000                PROVIDE (__sharable_data_end, .)
                0x00015000                _edata = .
                0x00015000                PROVIDE (edata, .)
                0x00015000                __bss_start = .

.bss            0x00014d60    0x3b128
 *(.dynbss)
 *(.bss .bss.* .gnu.linkonce.b.*)
 .bss           0x00014d60      0x800 kernel/kernel.o
 .bss           0x00015560        0x0 kernel/start.o
 .bss           0x00015560        0x0 kernel/main.o
 .bss           0x00015560        0x0 kernel/clock.o
 .bss           0x00015560       0x58 kernel/keyboard.o
 .bss           0x000155b8        0x0 kernel/tty.o
 .bss           0x000155b8        0x0 kernel/console.o
 .bss           0x000155b8        0x0 kernel/i8259.o
 .bss           0x000155b8        0x0 kernel/global.o
 .bss           0x000155b8        0x0 kernel/protect.o
 .bss           0x000155b8        0x0 kernel/proc.o
 .bss           0x000155b8        0x0 kernel/systask.o
 *fill*         0x000155b8        0x8 00
 .bss           0x000155c0      0x64c kernel/hd.o
 .bss           0x00015c0c        0x0 kernel/klib.o
 .bss           0x00015c0c        0x0 lib/syslog.o
 .bss           0x00015c0c        0x0 mm/main.o
 .bss           0x00015c0c        0x0 mm/forkexit.o
 .bss           0x00015c0c        0x0 mm/exec.o
 .bss           0x00015c0c        0x0 mm/memory.o
 .bss           0x00015c0c        0x0 mm/break.o
 .bss           0x00015c0c        0x0 fs/main.o
 .bss           0x00015c0c        0x0 fs/open.o
 .bss           0x00015c0c        0x0 fs/misc.o
 .bss           0x00015c0c        0x0 fs/read_write.o
 .bss           0x00015c0c        0x0 fs/link.o
 .bss           0x00015c0c        0x0 fs/fs_stat.o
 *fill*         0x00015c0c       0x14 00
 .bss           0x00015c20      0x220 fs/disklog.o
 .bss           0x00015e40        0x0 lib/orangescrt.a(printf.o)
 .bss           0x00015e40        0x0 lib/orangescrt.a(vsprintf.o)
 .bss           0x00015e40        0x0 lib/orangescrt.a(misc.o)
 .bss           0x00015e40        0x0 lib/orangescrt.a(open.o)
 .bss           0x00015e40        0x0 lib/orangescrt.a(read.o)
 .bss           0x00015e40        0x0 lib/orangescrt.a(write.o)
 .bss           0x00015e40        0x0 lib/orangescrt.a(close.o)
 .bss           0x00015e40        0x0 lib/orangescrt.a(lseek.o)
 .bss           0x00015e40        0x0 lib/orangescrt.a(getpid.o)
 .bss           0x00015e40        0x0 lib/orangescrt.a(stat.o)
 .bss           0x00015e40        0x0 lib/orangescrt.a(fork.o)
 .bss           0x00015e40        0x0 lib/orangescrt.a(wait.o)
 .bss           0x00015e40        0x0 lib/orangescrt.a(exec.o)
 .bss           0x00015e40        0x0 lib/orangescrt.a(chdir.o)
 *(COMMON)
 COMMON         0x00015e40    0x3a038 kernel/global.o
                0x00015e40                page_table
                0x00024e40                idt_ptr
                0x00024e60                inode_table
                0x00025e60                task_stack
                0x00049e60                k_reenter
                0x00049e80                gdt
                0x0004a280                mm_free_mem
                0x0004a284                current_console
                0x0004a288                pcaller
                0x0004a2a0                tty_table
                0x0004af20                tss
                0x0004afa0                fs_msg
                0x0004afd0                memory_size
                0x0004afe0                f_desc_table
                0x0004b3e0                root_inode
                0x0004b3e4                disp_pos
                0x0004b400                mm_msg
                0x0004b430                key_pressed
                0x0004b434                gdt_ptr
                0x0004b440                idt
                0x0004bc40                super_block
                0x0004be20                ticks
                0x0004be40                console_table
                0x0004be80                irq_table
                0x0004bec0                nr_page
                0x0004bec4                p_proc_ready
                0x0004bee0                proc_table
 COMMON         0x0004fe78       0x10 kernel/hd.o
                0x0004fe78                PARTITION_ENTRY
                0x0004fe88                . = ALIGN ((. != 0x0)?0x4:0x1)

.sharable_bss   0x00050000        0x0
                0x00050000                PROVIDE (__sharable_bss_start, .)
 *(.dynsharablebss)
 *(.sharable_bss .sharable_bss.* .gnu.linkonce.shrb.*)
 *(SHARABLE_COMMON)
                0x00050000                . = ALIGN ((. != 0x0)?0x1000:0x1)
                0x00050000                PROVIDE (__sharable_bss_end, .)
                0x00050000                . = ALIGN (0x4)
                0x00050000                . = ALIGN (0x4)
                0x00050000                _end = .
                0x00050000                PROVIDE (end, .)
                0x00050000                . = DATA_SEGMENT_END (.)

.stab
 *(.stab)

.stabstr
 *(.stabstr)

.stab.excl
 *(.stab.excl)

.stab.exclstr
 *(.stab.exclstr)

.stab.index
 *(.stab.index)

.stab.indexstr
 *(.stab.indexstr)

.comment        0x00000000      0x34c
 *(.comment)
 .comment       0x00000000       0x1f kernel/kernel.o
 .comment       0x0000001f       0x12 kernel/start.o
 .comment       0x00000031       0x12 kernel/main.o
 .comment       0x00000043       0x12 kernel/clock.o
 .comment       0x00000055       0x12 kernel/keyboard.o
 .comment       0x00000067       0x12 kernel/tty.o
 .comment       0x00000079       0x12 kernel/console.o
 .comment       0x0000008b       0x12 kernel/i8259.o
 .comment       0x0000009d       0x12 kernel/global.o
 .comment       0x000000af       0x12 kernel/protect.o
 .comment       0x000000c1       0x12 kernel/proc.o
 .comment       0x000000d3       0x12 kernel/systask.o
 .comment       0x000000e5       0x12 kernel/hd.o
 .comment       0x000000f7       0x1f kernel/kliba.o
 .comment       0x00000116       0x12 kernel/klib.o
 .comment       0x00000128       0x12 lib/syslog.o
 .comment       0x0000013a       0x12 mm/main.o
 .comment       0x0000014c       0x12 mm/forkexit.o
 .comment       0x0000015e       0x12 mm/exec.o
 .comment       0x00000170       0x12 mm/memory.o
 .comment       0x00000182       0x12 mm/break.o
 .comment       0x00000194       0x12 fs/main.o
 .comment       0x000001a6       0x12 fs/open.o
 .comment       0x000001b8       0x12 fs/misc.o
 .comment       0x000001ca       0x12 fs/read_write.o
 .comment       0x000001dc       0x12 fs/link.o
 .comment       0x000001ee       0x12 fs/fs_stat.o
 .comment       0x00000200       0x12 fs/disklog.o
 .comment       0x00000212       0x12 lib/orangescrt.a(printf.o)
 .comment       0x00000224       0x12 lib/orangescrt.a(vsprintf.o)
 .comment       0x00000236       0x1f lib/orangescrt.a(string.o)
 .comment       0x00000255       0x12 lib/orangescrt.a(misc.o)
 .comment       0x00000267       0x12 lib/orangescrt.a(open.o)
 .comment       0x00000279       0x12 lib/orangescrt.a(read.o)
 .comment       0x0000028b       0x12 lib/orangescrt.a(write.o)
 .comment       0x0000029d       0x12 lib/orangescrt.a(close.o)
 .comment       0x000002af       0x12 lib/orangescrt.a(lseek.o)
 .comment       0x000002c1       0x12 lib/orangescrt.a(getpid.o)
 .comment       0x000002d3       0x12 lib/orangescrt.a(stat.o)
 .comment       0x000002e5       0x12 lib/orangescrt.a(fork.o)
 .comment       0x000002f7       0x12 lib/orangescrt.a(wait.o)
 .comment       0x00000309       0x12 lib/orangescrt.a(exec.o)
 .comment       0x0000031b       0x12 lib/orangescrt.a(chdir.o)
 .comment       0x0000032d       0x1f lib/orangescrt.a(syscall.o)

.debug
 *(.debug)

.line
 *(.line)

.debug_srcinfo
 *(.debug_srcinfo)

.debug_sfnames
 *(.debug_sfnames)

.debug_aranges  0x00000000      0x4e0
 *(.debug_aranges)
 .debug_aranges
                0x00000000       0x20 kernel/start.o
 .debug_aranges
                0x00000020       0x20 kernel/main.o
 .debug_aranges
                0x00000040       0x20 kernel/clock.o
 .debug_aranges
                0x00000060       0x20 kernel/keyboard.o
 .debug_aranges
                0x00000080       0x20 kernel/tty.o
 .debug_aranges
                0x000000a0       0x20 kernel/console.o
 .debug_aranges
                0x000000c0       0x20 kernel/i8259.o
 .debug_aranges
                0x000000e0       0x20 kernel/protect.o
 .debug_aranges
                0x00000100       0x20 kernel/proc.o
 .debug_aranges
                0x00000120       0x20 kernel/systask.o
 .debug_aranges
                0x00000140       0x20 kernel/hd.o
 .debug_aranges
                0x00000160       0x20 kernel/klib.o
 .debug_aranges
                0x00000180       0x20 lib/syslog.o
 .debug_aranges
                0x000001a0       0x20 mm/main.o
 .debug_aranges
                0x000001c0       0x20 mm/forkexit.o
 .debug_aranges
                0x000001e0       0x20 mm/exec.o
 .debug_aranges
                0x00000200       0x20 mm/memory.o
 .debug_aranges
                0x00000220       0x20 mm/break.o
 .debug_aranges
                0x00000240       0x20 fs/main.o
 .debug_aranges
                0x00000260       0x20 fs/open.o
 .debug_aranges
                0x00000280       0x20 fs/misc.o
 .debug_aranges
                0x000002a0       0x20 fs/read_write.o
 .debug_aranges
                0x000002c0       0x20 fs/link.o
 .debug_aranges
                0x000002e0       0x20 fs/fs_stat.o
 .debug_aranges
                0x00000300       0x20 fs/disklog.o
 .debug_aranges
                0x00000320       0x20 lib/orangescrt.a(printf.o)
 .debug_aranges
                0x00000340       0x20 lib/orangescrt.a(vsprintf.o)
 .debug_aranges
                0x00000360       0x20 lib/orangescrt.a(misc.o)
 .debug_aranges
                0x00000380       0x20 lib/orangescrt.a(open.o)
 .debug_aranges
                0x000003a0       0x20 lib/orangescrt.a(read.o)
 .debug_aranges
                0x000003c0       0x20 lib/orangescrt.a(write.o)
 .debug_aranges
                0x000003e0       0x20 lib/orangescrt.a(close.o)
 .debug_aranges
                0x00000400       0x20 lib/orangescrt.a(lseek.o)
 .debug_aranges
                0x00000420       0x20 lib/orangescrt.a(getpid.o)
 .debug_aranges
                0x00000440       0x20 lib/orangescrt.a(stat.o)
 .debug_aranges
                0x00000460       0x20 lib/orangescrt.a(fork.o)
 .debug_aranges
                0x00000480       0x20 lib/orangescrt.a(wait.o)
 .debug_aranges
                0x000004a0       0x20 lib/orangescrt.a(exec.o)
 .debug_aranges
                0x000004c0       0x20 lib/orangescrt.a(chdir.o)

.debug_pubnames
                0x00000000      0xb06
 *(.debug_pubnames)
 .debug_pubnames
                0x00000000       0x1d kernel/start.o
 .debug_pubnames
                0x0000001d       0x7c kernel/main.o
 .debug_pubnames
                0x00000099       0x43 kernel/clock.o
 .debug_pubnames
                0x000000dc       0x56 kernel/keyboard.o
 .debug_pubnames
                0x00000132       0x4e kernel/tty.o
 .debug_pubnames
                0x00000180       0x6b kernel/console.o
 .debug_pubnames
                0x000001eb       0x46 kernel/i8259.o
 .debug_pubnames
                0x00000231      0x236 kernel/global.o
 .debug_pubnames
                0x00000467       0x53 kernel/protect.o
 .debug_pubnames
                0x000004ba       0x84 kernel/proc.o
 .debug_pubnames
                0x0000053e       0x1f kernel/systask.o
 .debug_pubnames
                0x0000055d       0x41 kernel/hd.o
 .debug_pubnames
                0x0000059e       0x59 kernel/klib.o
 .debug_pubnames
                0x000005f7       0x1d lib/syslog.o
 .debug_pubnames
                0x00000614       0x39 mm/main.o
 .debug_pubnames
                0x0000064d       0x36 mm/forkexit.o
 .debug_pubnames
                0x00000683       0x2e mm/exec.o
 .debug_pubnames
                0x000006b1       0x67 mm/memory.o
 .debug_pubnames
                0x00000718       0x1d mm/break.o
 .debug_pubnames
                0x00000735       0x7f fs/main.o
 .debug_pubnames
                0x000007b4       0x45 fs/open.o
 .debug_pubnames
                0x000007f9       0x51 fs/misc.o
 .debug_pubnames
                0x0000084a       0x39 fs/read_write.o
 .debug_pubnames
                0x00000883       0x20 fs/link.o
 .debug_pubnames
                0x000008a3       0x1f fs/fs_stat.o
 .debug_pubnames
                0x000008c2       0x44 fs/disklog.o
 .debug_pubnames
                0x00000906       0x28 lib/orangescrt.a(printf.o)
 .debug_pubnames
                0x0000092e       0x2b lib/orangescrt.a(vsprintf.o)
 .debug_pubnames
                0x00000959       0x60 lib/orangescrt.a(misc.o)
 .debug_pubnames
                0x000009b9       0x1b lib/orangescrt.a(open.o)
 .debug_pubnames
                0x000009d4       0x1b lib/orangescrt.a(read.o)
 .debug_pubnames
                0x000009ef       0x1c lib/orangescrt.a(write.o)
 .debug_pubnames
                0x00000a0b       0x1c lib/orangescrt.a(close.o)
 .debug_pubnames
                0x00000a27       0x1c lib/orangescrt.a(lseek.o)
 .debug_pubnames
                0x00000a43       0x1d lib/orangescrt.a(getpid.o)
 .debug_pubnames
                0x00000a60       0x25 lib/orangescrt.a(stat.o)
 .debug_pubnames
                0x00000a85       0x1b lib/orangescrt.a(fork.o)
 .debug_pubnames
                0x00000aa0       0x1b lib/orangescrt.a(wait.o)
 .debug_pubnames
                0x00000abb       0x2f lib/orangescrt.a(exec.o)
 .debug_pubnames
                0x00000aea       0x1c lib/orangescrt.a(chdir.o)

.debug_info     0x00000000    0x14eae
 *(.debug_info .gnu.linkonce.wi.*)
 .debug_info    0x00000000      0x2cf kernel/start.o
 .debug_info    0x000002cf     0x1016 kernel/main.o
 .debug_info    0x000012e5      0x81d kernel/clock.o
 .debug_info    0x00001b02      0x635 kernel/keyboard.o
 .debug_info    0x00002137      0xe45 kernel/tty.o
 .debug_info    0x00002f7c      0x646 kernel/console.o
 .debug_info    0x000035c2      0x1b2 kernel/i8259.o
 .debug_info    0x00003774     0x119f kernel/global.o
 .debug_info    0x00004913      0xc0d kernel/protect.o
 .debug_info    0x00005520      0xd7b kernel/proc.o
 .debug_info    0x0000629b      0x4bf kernel/systask.o
 .debug_info    0x0000675a      0xc81 kernel/hd.o
 .debug_info    0x000073db      0x5f4 kernel/klib.o
 .debug_info    0x000079cf      0x150 lib/syslog.o
 .debug_info    0x00007b1f      0xaff mm/main.o
 .debug_info    0x0000861e      0xb0c mm/forkexit.o
 .debug_info    0x0000912a      0xe11 mm/exec.o
 .debug_info    0x00009f3b      0xc0a mm/memory.o
 .debug_info    0x0000ab45      0x7e6 mm/break.o
 .debug_info    0x0000b32b     0x1114 fs/main.o
 .debug_info    0x0000c43f     0x106a fs/open.o
 .debug_info    0x0000d4a9      0xcb8 fs/misc.o
 .debug_info    0x0000e161     0x1157 fs/read_write.o
 .debug_info    0x0000f2b8      0xc26 fs/link.o
 .debug_info    0x0000fede      0x8d5 fs/fs_stat.o
 .debug_info    0x000107b3     0x1387 fs/disklog.o
 .debug_info    0x00011b3a      0x1b5 lib/orangescrt.a(printf.o)
 .debug_info    0x00011cef      0x27e lib/orangescrt.a(vsprintf.o)
 .debug_info    0x00011f6d      0x48b lib/orangescrt.a(misc.o)
 .debug_info    0x000123f8      0x3cb lib/orangescrt.a(open.o)
 .debug_info    0x000127c3      0x3c4 lib/orangescrt.a(read.o)
 .debug_info    0x00012b87      0x3d1 lib/orangescrt.a(write.o)
 .debug_info    0x00012f58      0x3a8 lib/orangescrt.a(close.o)
 .debug_info    0x00013300      0x3ca lib/orangescrt.a(lseek.o)
 .debug_info    0x000136ca      0x39c lib/orangescrt.a(getpid.o)
 .debug_info    0x00013a66      0x47d lib/orangescrt.a(stat.o)
 .debug_info    0x00013ee3      0x398 lib/orangescrt.a(fork.o)
 .debug_info    0x0001427b      0x3b4 lib/orangescrt.a(wait.o)
 .debug_info    0x0001462f      0x4c6 lib/orangescrt.a(exec.o)
 .debug_info    0x00014af5      0x3b9 lib/orangescrt.a(chdir.o)

.debug_abbrev   0x00000000     0x2f81
 *(.debug_abbrev)
 .debug_abbrev  0x00000000       0xa5 kernel/start.o
 .debug_abbrev  0x000000a5      0x1ca kernel/main.o
 .debug_abbrev  0x0000026f      0x106 kernel/clock.o
 .debug_abbrev  0x00000375      0x162 kernel/keyboard.o
 .debug_abbrev  0x000004d7      0x1b6 kernel/tty.o
 .debug_abbrev  0x0000068d      0x142 kernel/console.o
 .debug_abbrev  0x000007cf       0xb9 kernel/i8259.o
 .debug_abbrev  0x00000888      0x122 kernel/global.o
 .debug_abbrev  0x000009aa      0x147 kernel/protect.o
 .debug_abbrev  0x00000af1      0x1da kernel/proc.o
 .debug_abbrev  0x00000ccb      0x108 kernel/systask.o
 .debug_abbrev  0x00000dd3      0x22b kernel/hd.o
 .debug_abbrev  0x00000ffe      0x112 kernel/klib.o
 .debug_abbrev  0x00001110       0x93 lib/syslog.o
 .debug_abbrev  0x000011a3      0x143 mm/main.o
 .debug_abbrev  0x000012e6      0x169 mm/forkexit.o
 .debug_abbrev  0x0000144f      0x1b6 mm/exec.o
 .debug_abbrev  0x00001605      0x19c mm/memory.o
 .debug_abbrev  0x000017a1       0xe9 mm/break.o
 .debug_abbrev  0x0000188a      0x209 fs/main.o
 .debug_abbrev  0x00001a93      0x1ef fs/open.o
 .debug_abbrev  0x00001c82      0x176 fs/misc.o
 .debug_abbrev  0x00001df8      0x1ba fs/read_write.o
 .debug_abbrev  0x00001fb2      0x10a fs/link.o
 .debug_abbrev  0x000020bc      0x118 fs/fs_stat.o
 .debug_abbrev  0x000021d4      0x1dd fs/disklog.o
 .debug_abbrev  0x000023b1       0xac lib/orangescrt.a(printf.o)
 .debug_abbrev  0x0000245d       0xcc lib/orangescrt.a(vsprintf.o)
 .debug_abbrev  0x00002529       0xfb lib/orangescrt.a(misc.o)
 .debug_abbrev  0x00002624       0xe2 lib/orangescrt.a(open.o)
 .debug_abbrev  0x00002706       0xd0 lib/orangescrt.a(read.o)
 .debug_abbrev  0x000027d6       0xe0 lib/orangescrt.a(write.o)
 .debug_abbrev  0x000028b6       0xd0 lib/orangescrt.a(close.o)
 .debug_abbrev  0x00002986       0xd0 lib/orangescrt.a(lseek.o)
 .debug_abbrev  0x00002a56       0xbf lib/orangescrt.a(getpid.o)
 .debug_abbrev  0x00002b15       0xf9 lib/orangescrt.a(stat.o)
 .debug_abbrev  0x00002c0e       0xbf lib/orangescrt.a(fork.o)
 .debug_abbrev  0x00002ccd       0xdb lib/orangescrt.a(wait.o)
 .debug_abbrev  0x00002da8       0xf7 lib/orangescrt.a(exec.o)
 .debug_abbrev  0x00002e9f       0xe2 lib/orangescrt.a(chdir.o)

.debug_line     0x00000000     0x3fb9
 *(.debug_line)
 .debug_line    0x00000000      0x105 kernel/start.o
 .debug_line    0x00000105      0x215 kernel/main.o
 .debug_line    0x0000031a      0x114 kernel/clock.o
 .debug_line    0x0000042e      0x1f4 kernel/keyboard.o
 .debug_line    0x00000622      0x218 kernel/tty.o
 .debug_line    0x0000083a      0x1d3 kernel/console.o
 .debug_line    0x00000a0d      0x107 kernel/i8259.o
 .debug_line    0x00000b14       0xdc kernel/global.o
 .debug_line    0x00000bf0      0x195 kernel/protect.o
 .debug_line    0x00000d85      0x2ff kernel/proc.o
 .debug_line    0x00001084      0x14e kernel/systask.o
 .debug_line    0x000011d2      0x24e kernel/hd.o
 .debug_line    0x00001420      0x1f1 kernel/klib.o
 .debug_line    0x00001611       0xfd lib/syslog.o
 .debug_line    0x0000170e      0x16f mm/main.o
 .debug_line    0x0000187d      0x1a3 mm/forkexit.o
 .debug_line    0x00001a20      0x215 mm/exec.o
 .debug_line    0x00001c35      0x1c1 mm/memory.o
 .debug_line    0x00001df6      0x1ac mm/break.o
 .debug_line    0x00001fa2      0x2ca fs/main.o
 .debug_line    0x0000226c      0x25e fs/open.o
 .debug_line    0x000024ca      0x182 fs/misc.o
 .debug_line    0x0000264c      0x2f8 fs/read_write.o
 .debug_line    0x00002944      0x1b8 fs/link.o
 .debug_line    0x00002afc      0x1db fs/fs_stat.o
 .debug_line    0x00002cd7      0x414 fs/disklog.o
 .debug_line    0x000030eb      0x116 lib/orangescrt.a(printf.o)
 .debug_line    0x00003201      0x15a lib/orangescrt.a(vsprintf.o)
 .debug_line    0x0000335b      0x14d lib/orangescrt.a(misc.o)
 .debug_line    0x000034a8       0xfd lib/orangescrt.a(open.o)
 .debug_line    0x000035a5       0xfa lib/orangescrt.a(read.o)
 .debug_line    0x0000369f       0xfb lib/orangescrt.a(write.o)
 .debug_line    0x0000379a       0xf9 lib/orangescrt.a(close.o)
 .debug_line    0x00003893       0xfb lib/orangescrt.a(lseek.o)
 .debug_line    0x0000398e       0xfb lib/orangescrt.a(getpid.o)
 .debug_line    0x00003a89      0x10c lib/orangescrt.a(stat.o)
 .debug_line    0x00003b95       0xfd lib/orangescrt.a(fork.o)
 .debug_line    0x00003c92       0xf9 lib/orangescrt.a(wait.o)
 .debug_line    0x00003d8b      0x131 lib/orangescrt.a(exec.o)
 .debug_line    0x00003ebc       0xfd lib/orangescrt.a(chdir.o)

.debug_frame    0x00000000     0x1878
 *(.debug_frame)
 .debug_frame   0x00000000       0x38 kernel/start.o
 .debug_frame   0x00000038      0x120 kernel/main.o
 .debug_frame   0x00000158       0x68 kernel/clock.o
 .debug_frame   0x000001c0       0xe0 kernel/keyboard.o
 .debug_frame   0x000002a0      0x138 kernel/tty.o
 .debug_frame   0x000003d8      0x13c kernel/console.o
 .debug_frame   0x00000514       0x68 kernel/i8259.o
 .debug_frame   0x0000057c       0x98 kernel/protect.o
 .debug_frame   0x00000614      0x18c kernel/proc.o
 .debug_frame   0x000007a0       0x6c kernel/systask.o
 .debug_frame   0x0000080c      0x1d0 kernel/hd.o
 .debug_frame   0x000009dc       0x9c kernel/klib.o
 .debug_frame   0x00000a78       0x30 lib/syslog.o
 .debug_frame   0x00000aa8       0xb4 mm/main.o
 .debug_frame   0x00000b5c       0x8c mm/forkexit.o
 .debug_frame   0x00000be8       0x74 mm/exec.o
 .debug_frame   0x00000c5c      0x12c mm/memory.o
 .debug_frame   0x00000d88       0x2c mm/break.o
 .debug_frame   0x00000db4      0x1c0 fs/main.o
 .debug_frame   0x00000f74      0x144 fs/open.o
 .debug_frame   0x000010b8       0x8c fs/misc.o
 .debug_frame   0x00001144      0x16c fs/read_write.o
 .debug_frame   0x000012b0       0x6c fs/link.o
 .debug_frame   0x0000131c       0x54 fs/fs_stat.o
 .debug_frame   0x00001370      0x134 fs/disklog.o
 .debug_frame   0x000014a4       0x4c lib/orangescrt.a(printf.o)
 .debug_frame   0x000014f0       0x70 lib/orangescrt.a(vsprintf.o)
 .debug_frame   0x00001560       0xb4 lib/orangescrt.a(misc.o)
 .debug_frame   0x00001614       0x30 lib/orangescrt.a(open.o)
 .debug_frame   0x00001644       0x30 lib/orangescrt.a(read.o)
 .debug_frame   0x00001674       0x30 lib/orangescrt.a(write.o)
 .debug_frame   0x000016a4       0x30 lib/orangescrt.a(close.o)
 .debug_frame   0x000016d4       0x30 lib/orangescrt.a(lseek.o)
 .debug_frame   0x00001704       0x30 lib/orangescrt.a(getpid.o)
 .debug_frame   0x00001734       0x4c lib/orangescrt.a(stat.o)
 .debug_frame   0x00001780       0x30 lib/orangescrt.a(fork.o)
 .debug_frame   0x000017b0       0x30 lib/orangescrt.a(wait.o)
 .debug_frame   0x000017e0       0x68 lib/orangescrt.a(exec.o)
 .debug_frame   0x00001848       0x30 lib/orangescrt.a(chdir.o)

.debug_str      0x00000000      0x20a
 *(.debug_str)
 .debug_str     0x00000000       0x13 kernel/main.o
 .debug_str     0x00000013        0xa kernel/keyboard.o
 .debug_str     0x0000001d       0x17 kernel/global.o
 .debug_str     0x00000034        0xd kernel/hd.o
 .debug_str     0x00000041       0x34 mm/exec.o
 .debug_str     0x00000075       0x1c mm/memory.o
 .debug_str     0x00000091       0x32 fs/main.o
 .debug_str     0x000000c3       0x39 fs/open.o
 .debug_str     0x000000fc       0x1c fs/misc.o
 .debug_str     0x00000118       0xbb fs/read_write.o
 .debug_str     0x000001d3       0x37 fs/disklog.o

.debug_loc      0x00000000     0x1c88
 *(.debug_loc)
 .debug_loc     0x00000000       0x2c kernel/start.o
 .debug_loc     0x0000002c      0x18c kernel/main.o
 .debug_loc     0x000001b8       0x84 kernel/clock.o
 .debug_loc     0x0000023c      0x134 kernel/keyboard.o
 .debug_loc     0x00000370      0x1b8 kernel/tty.o
 .debug_loc     0x00000528      0x1b8 kernel/console.o
 .debug_loc     0x000006e0       0x84 kernel/i8259.o
 .debug_loc     0x00000764       0xdc kernel/protect.o
 .debug_loc     0x00000840      0x23c kernel/proc.o
 .debug_loc     0x00000a7c       0x84 kernel/systask.o
 .debug_loc     0x00000b00      0x268 kernel/hd.o
 .debug_loc     0x00000d68       0xdc kernel/klib.o
 .debug_loc     0x00000e44       0x2c lib/syslog.o
 .debug_loc     0x00000e70       0xdc mm/main.o
 .debug_loc     0x00000f4c       0xb0 mm/forkexit.o
 .debug_loc     0x00000ffc       0x84 mm/exec.o
 .debug_loc     0x00001080      0x18c mm/memory.o
 .debug_loc     0x0000120c       0x2c mm/break.o
 .debug_loc     0x00001238      0x1e4 fs/main.o
 .debug_loc     0x0000141c      0x18c fs/open.o
 .debug_loc     0x000015a8       0xb0 fs/misc.o
 .debug_loc     0x00001658      0x108 fs/read_write.o
 .debug_loc     0x00001760       0x2c fs/link.o
 .debug_loc     0x0000178c       0x58 fs/fs_stat.o
 .debug_loc     0x000017e4       0x58 fs/disklog.o
 .debug_loc     0x0000183c       0x58 lib/orangescrt.a(printf.o)
 .debug_loc     0x00001894       0x84 lib/orangescrt.a(vsprintf.o)
 .debug_loc     0x00001918      0x108 lib/orangescrt.a(misc.o)
 .debug_loc     0x00001a20       0x2c lib/orangescrt.a(open.o)
 .debug_loc     0x00001a4c       0x2c lib/orangescrt.a(read.o)
 .debug_loc     0x00001a78       0x2c lib/orangescrt.a(write.o)
 .debug_loc     0x00001aa4       0x2c lib/orangescrt.a(close.o)
 .debug_loc     0x00001ad0       0x2c lib/orangescrt.a(lseek.o)
 .debug_loc     0x00001afc       0x2c lib/orangescrt.a(getpid.o)
 .debug_loc     0x00001b28       0x58 lib/orangescrt.a(stat.o)
 .debug_loc     0x00001b80       0x2c lib/orangescrt.a(fork.o)
 .debug_loc     0x00001bac       0x2c lib/orangescrt.a(wait.o)
 .debug_loc     0x00001bd8       0x84 lib/orangescrt.a(exec.o)
 .debug_loc     0x00001c5c       0x2c lib/orangescrt.a(chdir.o)

.debug_macinfo  0x00000000    0x981db
 *(.debug_macinfo)
 .debug_macinfo
                0x00000000     0x282a kernel/start.o
 .debug_macinfo
                0x0000282a     0x282a kernel/main.o
 .debug_macinfo
                0x00005054     0x282a kernel/clock.o
 .debug_macinfo
                0x0000787e     0x3024 kernel/keyboard.o
 .debug_macinfo
                0x0000a8a2     0x3046 kernel/tty.o
 .debug_macinfo
                0x0000d8e8     0x300a kernel/console.o
 .debug_macinfo
                0x000108f2     0x2801 kernel/i8259.o
 .debug_macinfo
                0x000130f3     0x282d kernel/global.o
 .debug_macinfo
                0x00015920     0x282a kernel/protect.o
 .debug_macinfo
                0x0001814a     0x282a kernel/proc.o
 .debug_macinfo
                0x0001a974     0x300a kernel/systask.o
 .debug_macinfo
                0x0001d97e     0x2b41 kernel/hd.o
 .debug_macinfo
                0x000204bf     0xd223 kernel/klib.o
 .debug_macinfo
                0x0002d6e2     0x282a lib/syslog.o
 .debug_macinfo
                0x0002ff0c     0x3119 mm/main.o
 .debug_macinfo
                0x00033025     0x300a mm/forkexit.o
 .debug_macinfo
                0x0003602f     0xd8f4 mm/exec.o
 .debug_macinfo
                0x00043923     0x2873 mm/memory.o
 .debug_macinfo
                0x00046196     0xd8f4 mm/break.o
 .debug_macinfo
                0x00053a8a     0x2bea fs/main.o
 .debug_macinfo
                0x00056674     0x300a fs/open.o
 .debug_macinfo
                0x0005967e     0x32bb fs/misc.o
 .debug_macinfo
                0x0005c939     0x300a fs/read_write.o
 .debug_macinfo
                0x0005f943     0x300a fs/link.o
 .debug_macinfo
                0x0006294d     0xd8f4 fs/fs_stat.o
 .debug_macinfo
                0x00070241     0x35ae fs/disklog.o
 .debug_macinfo
                0x000737ef     0x300a lib/orangescrt.a(printf.o)
 .debug_macinfo
                0x000767f9     0x300a lib/orangescrt.a(vsprintf.o)
 .debug_macinfo
                0x00079803     0x300a lib/orangescrt.a(misc.o)
 .debug_macinfo
                0x0007c80d     0x282a lib/orangescrt.a(open.o)
 .debug_macinfo
                0x0007f037     0x282a lib/orangescrt.a(read.o)
 .debug_macinfo
                0x00081861     0x282a lib/orangescrt.a(write.o)
 .debug_macinfo
                0x0008408b     0x282a lib/orangescrt.a(close.o)
 .debug_macinfo
                0x000868b5     0x282a lib/orangescrt.a(lseek.o)
 .debug_macinfo
                0x000890df     0x282a lib/orangescrt.a(getpid.o)
 .debug_macinfo
                0x0008b909     0x282a lib/orangescrt.a(stat.o)
 .debug_macinfo
                0x0008e133     0x282a lib/orangescrt.a(fork.o)
 .debug_macinfo
                0x0009095d     0x282a lib/orangescrt.a(wait.o)
 .debug_macinfo
                0x00093187     0x282a lib/orangescrt.a(exec.o)
 .debug_macinfo
                0x000959b1     0x282a lib/orangescrt.a(chdir.o)

.debug_weaknames
 *(.debug_weaknames)

.debug_funcnames
 *(.debug_funcnames)

.debug_typenames
 *(.debug_typenames)

.debug_varnames
 *(.debug_varnames)

.debug_pubtypes
 *(.debug_pubtypes)

.debug_ranges   0x00000000       0x18
 *(.debug_ranges)
 .debug_ranges  0x00000000       0x18 kernel/main.o

.gnu.attributes
 *(.gnu.attributes)

/DISCARD/
 *(.note.GNU-stack)
 *(.gnu_debuglink)
OUTPUT(kernel.bin elf32-i386)
